Result: Nothing
Result: Nothing
Result: Nothing
Result: Nothing
Result: Nothing
Result: Proposition(and(and(a, b), c))
Result: Nothing
Result: Proved(if(a, if(b, if(c, and(and(a, b), c)))))
Result: Nothing
Result: Proposition(and(and(a, b), c))
Result: Nothing
Result: Proposition(and(and(a, b), c))
