Result: Nothing
Result: Nothing
Result: Proved(if(a, or(b, a)))
