[31mError:[0m 
    [38;5;246mâ•­[0m[38;5;246mâ”€[0m[38;5;246m[[0m<unknown>:17:12[38;5;246m][0m
    [38;5;246mâ”‚[0m
 [38;5;246m17 â”‚[0m [38;5;249m [0m[38;5;249m [0m[38;5;249m [0m[38;5;249m [0m[38;5;249m![0m[38;5;249mc[0m[38;5;249ml[0m[38;5;249ma[0m[38;5;249mi[0m[38;5;249mm[0m[38;5;249m([0ma & b[38;5;249m)[0m
 [38;5;240m   â”‚[0m            â”€â”€â”¬â”€â”€  
 [38;5;240m   â”‚[0m              â•°â”€â”€â”€â”€ proposition does not hold
[38;5;246mâ”€â”€â”€â”€â•¯[0m
