[31mError:[0m 
    [38;5;246mâ•­[0m[38;5;246mâ”€[0m[38;5;246m[[0m<unknown>:67:16[38;5;246m][0m
    [38;5;246mâ”‚[0m
 [38;5;246m67 â”‚[0m [38;5;249m![0m[38;5;249mp[0m[38;5;249mr[0m[38;5;249mo[0m[38;5;249mv[0m[38;5;249me[0m[38;5;249m_[0m[38;5;249mb[0m[38;5;249my[0m[38;5;249m_[0m[38;5;249me[0m[38;5;249mv[0m[38;5;249ma[0m[38;5;249ml[0m[38;5;249m([0mmy_predicate(4)[38;5;249m)[0m[38;5;249m;[0m
 [38;5;240m   â”‚[0m                â”€â”€â”€â”€â”€â”€â”€â”¬â”€â”€â”€â”€â”€â”€â”€  
 [38;5;240m   â”‚[0m                       â•°â”€â”€â”€â”€â”€â”€â”€â”€â”€ prove_by_eval failed because the result is not true
[38;5;246mâ”€â”€â”€â”€â•¯[0m
