Result: Nothing
Result: Nothing
Result: Proved(if(not(not(a)), a))
