[31mError:[0m 
    [38;5;246mâ•­[0m[38;5;246mâ”€[0m[38;5;246m[[0m<unknown>:23:1[38;5;246m][0m
    [38;5;246mâ”‚[0m
 [38;5;246m23 â”‚[0m !my_dn1(assumption)
 [38;5;240m   â”‚[0m â”€â”€â”€â”€â”€â”€â”€â”€â”€â”¬â”€â”€â”€â”€â”€â”€â”€â”€â”€  
 [38;5;240m   â”‚[0m          â•°â”€â”€â”€â”€â”€â”€â”€â”€â”€â”€â”€ method not defined
[38;5;246mâ”€â”€â”€â”€â•¯[0m
