[31mError:[0m 
    [38;5;246mâ•­[0m[38;5;246mâ”€[0m[38;5;246m[[0m<unknown>:25:32[38;5;246m][0m
    [38;5;246mâ”‚[0m
 [38;5;246m25 â”‚[0m [38;5;249mf[0m[38;5;249mo[0m[38;5;249mr[0m[38;5;249ma[0m[38;5;249ml[0m[38;5;249ml[0m[38;5;249m [0m[38;5;249mx[0m[38;5;249m,[0m[38;5;249m [0m[38;5;249my[0m[38;5;249m.[0m[38;5;249m [0m[38;5;249m([0m[38;5;249mx[0m[38;5;249m [0m[38;5;249m=[0m[38;5;249m [0m[38;5;249my[0m[38;5;249m [0m[38;5;249m&[0m[38;5;249m [0m[38;5;249mp[0m[38;5;249m([0m[38;5;249mx[0m[38;5;249m)[0m[38;5;249m [0m[38;5;249m&[0m[38;5;249m [0m[38;5;249mg[0m[38;5;249m([0my[38;5;249m)[0m[38;5;249m)[0m[38;5;249m;[0m
 [38;5;240m   â”‚[0m                                â”¬  
 [38;5;240m   â”‚[0m                                â•°â”€â”€ failed to unify
[38;5;246mâ”€â”€â”€â”€â•¯[0m
